// Jest Snapshot v1, https://goo.gl/fbAQLP

exports[`ProductSlider Компонент принимает камеры и отрисовывает их 1`] = `
<div>
  <section>
    <div
      class="container"
    >
      <h2
        class="title title--h3"
      >
        Похожие товары
      </h2>
      <div
        style="position: relative; margin: 0px auto; width: calc(100% + 16px); max-width: 936px;"
      />
    </div>
  </section>
</div>
`;
