// Jest Snapshot v1, https://goo.gl/fbAQLP

exports[`Тестирование компонента SocialItem 1`] = `
<div>
  <li
    class="social__item"
  >
    <a
      aria-label="Переход на страницу "
      class="link"
      href="/#todo"
    >
      <svg
        aria-hidden="true"
        height="20"
        width="20"
      >
        <use
          xlink:href="#icon-facebook"
        />
      </svg>
    </a>
  </li>
</div>
`;
