// Jest Snapshot v1, https://goo.gl/fbAQLP

exports[`Тестирование компонента Pagination 1`] = `
<div>
  <div
    class="pagination"
  >
    <ul
      class="pagination__list"
    >
      <li
        class="pagination__item"
      >
        <a
          class="pagination__link pagination__link--text"
          href="/page/1"
        >
          Назад
        </a>
      </li>
      <li
        class="pagination__item"
      >
        <button
          class="pagination__link"
        >
          1
        </button>
      </li>
      <li
        class="pagination__item"
      >
        <button
          class="pagination__link pagination__link--active"
        >
          2
        </button>
      </li>
      <li
        class="pagination__item"
      >
        <button
          class="pagination__link"
        >
          3
        </button>
      </li>
      <li
        class="pagination__item"
      >
        <button
          class="pagination__link"
        >
          4
        </button>
      </li>
      <li
        class="pagination__item"
      >
        <button
          class="pagination__link"
        >
          5
        </button>
      </li>
      <li
        class="pagination__item"
      >
        <a
          class="pagination__link pagination__link--text"
          href="/page/3"
        >
          Далее
        </a>
      </li>
    </ul>
  </div>
</div>
`;
